// Jest Snapshot v1, https://goo.gl/fbAQLP

exports[`App will render h1 1`] = `
<h1>
  This is SSR App
</h1>
`;
